// Jest Snapshot v1, https://goo.gl/fbAQLP

exports[`Logo renders Logo snapshot 1`] = `
<DocumentFragment>
  <span
    class="Logo"
  >
    <span
      class="LogoBold"
    >
      netflix
    </span>
    roulette
  </span>
</DocumentFragment>
`;
